// Jest Snapshot v1, https://goo.gl/fbAQLP

exports[`SearchForm should match the snapshot with all data correctly passed 1`] = `
<section>
  <input
    className="search-input"
    placeholder="Keyword"
  />
  <button
    className="search-btn"
    onClick={[Function]}
  >
    Search
  </button>
</section>
`;
